// Jest Snapshot v1, https://goo.gl/fbAQLP

exports[`<CreateTeam /> it should render properly  1`] = `ShallowWrapper {}`;
