// Jest Snapshot v1, https://goo.gl/fbAQLP

exports[`<DetailTeam/> it should render properly  1`] = `ShallowWrapper {}`;
