// Jest Snapshot v1, https://goo.gl/fbAQLP

exports[`<App /> it should render properly  1`] = `undefined`;
